// Jest Snapshot v1, https://goo.gl/fbAQLP

exports[`Test done component Render correctly 1`] = `
<div
  className="MuiPaper-root MuiPaper-elevation MuiPaper-rounded MuiPaper-elevation3 done-container css-8f5jog-MuiPaper-root"
>
  <h5
    className="MuiTypography-root MuiTypography-h5 css-1bq8dcc-MuiTypography-root"
  >
    DONE
  </h5>
  <div
    className="MuiPaper-root MuiPaper-elevation MuiPaper-rounded MuiPaper-elevation5 MuiCard-root css-29ol60-MuiPaper-root-MuiCard-root"
  >
    <div
      className="MuiCardContent-root css-46bh2p-MuiCardContent-root"
    >
      <svg
        aria-hidden={true}
        className="MuiSvgIcon-root MuiSvgIcon-fontSizeMedium css-1b32eso-MuiSvgIcon-root"
        data-testid="TaskAltIcon"
        focusable="false"
        viewBox="0 0 24 24"
      >
        <path
          d="M22 5.18 10.59 16.6l-4.24-4.24 1.41-1.41 2.83 2.83 10-10L22 5.18zm-2.21 5.04c.13.57.21 1.17.21 1.78 0 4.42-3.58 8-8 8s-8-3.58-8-8 3.58-8 8-8c1.58 0 3.04.46 4.28 1.25l1.44-1.44C16.1 2.67 14.13 2 12 2 6.48 2 2 6.48 2 12s4.48 10 10 10 10-4.48 10-10c0-1.19-.22-2.33-.6-3.39l-1.61 1.61z"
        />
      </svg>
      <p
        className="MuiTypography-root MuiTypography-body1 css-1pnmrwp-MuiTypography-root"
        data-testid="title"
      >
        Done title
      </p>
      <p
        className="MuiTypography-root MuiTypography-body1 css-16ezf3a-MuiTypography-root"
      >
        2023-02-06
      </p>
      <p
        className="MuiTypography-root MuiTypography-body2 css-14o3s5-MuiTypography-root"
        data-testid="element-title"
      >
        Test title
        <br />
      </p>
    </div>
  </div>
</div>
`;

exports[`Test done component Render correctly 2`] = `
Array [
  Object {
    "id": Any<Number>,
    "title": "Test title",
  },
]
`;

exports[`Test done component Render correctly 3`] = `"Done title"`;
