// Jest Snapshot v1, https://goo.gl/fbAQLP

exports[`Test task component Render correctly 1`] = `
<div
  className="MuiPaper-root MuiPaper-elevation MuiPaper-rounded MuiPaper-elevation3 todo-container css-102lv6m-MuiPaper-root"
>
  <h5
    className="MuiTypography-root MuiTypography-h5 css-c24xf0-MuiTypography-root"
  >
    TODO
  </h5>
  <div
    className="MuiPaper-root MuiPaper-elevation MuiPaper-rounded MuiPaper-elevation5 MuiCard-root css-29ol60-MuiPaper-root-MuiCard-root"
  >
    <div
      className="MuiCardContent-root css-46bh2p-MuiCardContent-root"
    >
      <svg
        aria-hidden={true}
        className="MuiSvgIcon-root MuiSvgIcon-fontSizeMedium css-1b32eso-MuiSvgIcon-root"
        data-testid="ReceiptIcon"
        focusable="false"
        viewBox="0 0 24 24"
      >
        <path
          d="M18 17H6v-2h12v2zm0-4H6v-2h12v2zm0-4H6V7h12v2zM3 22l1.5-1.5L6 22l1.5-1.5L9 22l1.5-1.5L12 22l1.5-1.5L15 22l1.5-1.5L18 22l1.5-1.5L21 22V2l-1.5 1.5L18 2l-1.5 1.5L15 2l-1.5 1.5L12 2l-1.5 1.5L9 2 7.5 3.5 6 2 4.5 3.5 3 2v20z"
        />
      </svg>
      <p
        className="MuiTypography-root MuiTypography-body1 css-1pnmrwp-MuiTypography-root"
        data-testid="title"
      >
        Task title
      </p>
      <p
        className="MuiTypography-root MuiTypography-body1 css-16ezf3a-MuiTypography-root"
      >
        2023-02-06
      </p>
      <p
        className="MuiTypography-root MuiTypography-body2 css-14o3s5-MuiTypography-root"
        data-testid="element-title"
      >
        Test title
        <br />
      </p>
    </div>
    <div
      className="MuiCardActions-root MuiCardActions-spacing css-311rz8-MuiCardActions-root"
    >
      <div
        className="MuiFormGroup-root css-dmmspl-MuiFormGroup-root"
      >
        <label
          className="MuiFormControlLabel-root MuiFormControlLabel-labelPlacementEnd css-j204z7-MuiFormControlLabel-root"
        >
          <input
            className="to-check"
            data-testid="to-check"
            onClick={[Function]}
            type="checkbox"
          />
          <span
            className="MuiTypography-root MuiTypography-body1 MuiFormControlLabel-label css-ahj2mt-MuiTypography-root"
          >
            Check if done
          </span>
        </label>
      </div>
    </div>
  </div>
</div>
`;

exports[`Test task component Render correctly 2`] = `
Array [
  Object {
    "id": Any<Number>,
    "title": "Test title",
  },
]
`;

exports[`Test task component Render correctly 3`] = `"Task title"`;
