// Jest Snapshot v1, https://goo.gl/fbAQLP

exports[`Test todo component Render correctly 1`] = `
<div
  className="main-container"
>
  <div
    className="field"
  >
    <div
      className="MuiInputBase-root MuiInput-root MuiInput-underline MuiInputBase-colorPrimary css-oh84yh-MuiInputBase-root-MuiInput-root"
      data-testid="input-field"
      onClick={[Function]}
    >
      <input
        className="MuiInputBase-input MuiInput-input css-1x51dt5-MuiInputBase-input-MuiInput-input"
        onAnimationStart={[Function]}
        onBlur={[Function]}
        onChange={[Function]}
        onFocus={[Function]}
        placeholder="Write the task decription here... "
        type="text"
        value=""
      />
    </div>
    <button
      className="MuiButtonBase-root MuiButton-root MuiButton-contained MuiButton-containedPrimary MuiButton-sizeMedium MuiButton-containedSizeMedium MuiButton-root MuiButton-contained MuiButton-containedPrimary MuiButton-sizeMedium MuiButton-containedSizeMedium css-1qgsd7h-MuiButtonBase-root-MuiButton-root"
      disabled={false}
      onBlur={[Function]}
      onClick={[Function]}
      onContextMenu={[Function]}
      onDragLeave={[Function]}
      onFocus={[Function]}
      onKeyDown={[Function]}
      onKeyUp={[Function]}
      onMouseDown={[Function]}
      onMouseLeave={[Function]}
      onMouseUp={[Function]}
      onTouchEnd={[Function]}
      onTouchMove={[Function]}
      onTouchStart={[Function]}
      tabIndex={0}
      type="button"
    >
      <span
        className="MuiButton-startIcon MuiButton-iconSizeMedium css-1d6wzja-MuiButton-startIcon"
      >
        <svg
          aria-hidden={true}
          className="MuiSvgIcon-root MuiSvgIcon-fontSizeMedium css-i4bv87-MuiSvgIcon-root"
          data-testid="AddIcon"
          focusable="false"
          viewBox="0 0 24 24"
        >
          <path
            d="M19 13h-6v6h-2v-6H5v-2h6V5h2v6h6v2z"
          />
        </svg>
      </span>
      Create
    </button>
  </div>
  <div
    className="flex-container"
  >
    <div
      className="MuiPaper-root MuiPaper-elevation MuiPaper-rounded MuiPaper-elevation3 todo-container css-102lv6m-MuiPaper-root"
    >
      <h5
        className="MuiTypography-root MuiTypography-h5 css-c24xf0-MuiTypography-root"
      >
        TODO
      </h5>
    </div>
    <div
      className="MuiPaper-root MuiPaper-elevation MuiPaper-rounded MuiPaper-elevation3 done-container css-8f5jog-MuiPaper-root"
    >
      <h5
        className="MuiTypography-root MuiTypography-h5 css-1bq8dcc-MuiTypography-root"
      >
        DONE
      </h5>
    </div>
  </div>
</div>
`;
